// Jest Snapshot v1, https://goo.gl/fbAQLP

exports[`AuthComponent should make match with snapshot 1`] = `"<div class="auth-container"><div class="auth-content"><div class="auth-content-left"><div><img src="assets/images/brand.svg" width="100" height="100" alt="SLDMark Brand"><p>we know what you like</p></div><img src="assets/images/brand-slogan-1.png" width="400" height="400" alt="Apps"></div><form novalidate="" ng-reflect-form="[object Object]" class="ng-untouched ng-pristine ng-invalid"><label>Name: </label><input type="text" placeholder="Laura Smitt" name="name" autocomplete="off" formcontrolname="name" ng-reflect-name="name" ng-reflect-ng-class="[object Object]" class="ng-untouched ng-pristine ng-invalid"><label>Key: </label><input type="text" placeholder="Your access key" name="key" autocomplete="off" formcontrolname="key" ng-reflect-name="key" ng-reflect-ng-class="[object Object]" class="ng-untouched ng-pristine ng-invalid"><div>Forget key</div><button type="button" disabled="" ng-reflect-ng-class="[object Object]" class="invalid-btn">Login</button><p>Doesn't have an account yet? <span>SignUp</span></p></form></div></div>"`;
